// Jest Snapshot v1, https://goo.gl/fbAQLP

exports[`TabsInfo renders as expected 1`] = `
<div
  className="infoTab"
>
  <InfoTab
    infoText=""
    key="infoText_test1"
    onTab="info"
    tabText="test1"
  />
  <InfoTab
    infoText=""
    key="infoText_test2"
    onTab="info"
    tabText="test2"
  />
  <InfoTab
    infoText=""
    key="infoText_test3"
    onTab="info"
    tabText="test3"
  />
</div>
`;
