// Jest Snapshot v1, https://goo.gl/fbAQLP

exports[`QRPets renders as expected 1`] = `
<div
  className="container"
>
  <h1
    className="titleHeader"
  >
    Adopt a pet today!
  </h1>
  <div
    className="section"
    id="basicInfo"
  >
    <div
      className="section"
      id="profilePicture"
    >
      <Image
        alt="MooMoo"
        h="100"
        height={100}
        imageClassName="thumbnail"
        src="https://qr-pets-images.s3.us-east-2.amazonaws.com/undefined"
        w="100"
        width={100}
      />
    </div>
    <div
      className="section"
      id="basicTextInfo"
    >
      <TextLabel
        label="Name"
        value="MooMoo"
      />
      <TextLabel
        label="Age"
        value="3"
      />
      <TextLabel
        label="Breed"
        value="Guinea Pig"
      />
    </div>
  </div>
  <br />
  <TabbedPage
    info={
      Array [
        "testInfo",
        "pic pic pic
pic pic pic
pic pic pic
pic pic pic
pic pic pic
pic pic pic
pic pic pic
pic pic pic
pic pic pic
pic pic pic
pic pic pic
pic pic pic
pic pic pic
pic pic pic
pic pic pic
pic pic pic
pic pic pic
pic pic pic
pic pic pic
pic pic pic
pic pic pic
",
        "youtube.com
youtube.com
youtube.com
youtube.com",
      ]
    }
    tabs={
      Array [
        "info",
        "photos",
        "videos",
      ]
    }
  />
</div>
`;
