// Jest Snapshot v1, https://goo.gl/fbAQLP

exports[`Upload renders as expected 1`] = `
<div
  className="upload"
>
  <WithStyles(Input)
    disableUnderline={true}
    id="file-chooser"
    onChange={[Function]}
    type="file"
  />
  <WithStyles(Button)
    color="primary"
    disabled={true}
    onClick={[Function]}
    variant="contained"
  >
    Upload Picture
  </WithStyles(Button)>
</div>
`;
